warning: in the working copy of 'ag2_research/kbase/README.md', LF will be replaced by CRLF the next time Git touches it
warning: in the working copy of 'ag2_research/kbase/__init__.py', LF will be replaced by CRLF the next time Git touches it
warning: in the working copy of 'ag2_research/kbase/adapters.py', LF will be replaced by CRLF the next time Git touches it
warning: in the working copy of 'ag2_research/kbase/catalog_builder.py', LF will be replaced by CRLF the next time Git touches it
warning: in the working copy of 'ag2_research/kbase/citation_inventory.py', LF will be replaced by CRLF the next time Git touches it
warning: in the working copy of 'ag2_research/kbase/content_distillation.py', LF will be replaced by CRLF the next time Git touches it
warning: in the working copy of 'ag2_research/kbase/content_quality.py', LF will be replaced by CRLF the next time Git touches it
warning: in the working copy of 'ag2_research/kbase/content_repair.py', LF will be replaced by CRLF the next time Git touches it
warning: in the working copy of 'ag2_research/kbase/contracts/catalog_entry.schema.json', LF will be replaced by CRLF the next time Git touches it
warning: in the working copy of 'ag2_research/kbase/contracts/source_brief.schema.json', LF will be replaced by CRLF the next time Git touches it
warning: in the working copy of 'ag2_research/kbase/contracts/usage_event.schema.json', LF will be replaced by CRLF the next time Git touches it
warning: in the working copy of 'ag2_research/kbase/coverage.py', LF will be replaced by CRLF the next time Git touches it
warning: in the working copy of 'ag2_research/kbase/hybrid_ranking.py', LF will be replaced by CRLF the next time Git touches it
warning: in the working copy of 'ag2_research/kbase/ingest.py', LF will be replaced by CRLF the next time Git touches it
warning: in the working copy of 'ag2_research/kbase/maintenance.py', LF will be replaced by CRLF the next time Git touches it
warning: in the working copy of 'ag2_research/kbase/manual_orphan_review.py', LF will be replaced by CRLF the next time Git touches it
warning: in the working copy of 'ag2_research/kbase/navigation_repair.py', LF will be replaced by CRLF the next time Git touches it
warning: in the working copy of 'ag2_research/kbase/override_promotion.py', LF will be replaced by CRLF the next time Git touches it
warning: in the working copy of 'ag2_research/kbase/overrides.py', LF will be replaced by CRLF the next time Git touches it
warning: in the working copy of 'ag2_research/kbase/query_holdout.yaml', LF will be replaced by CRLF the next time Git touches it
warning: in the working copy of 'ag2_research/kbase/query_regression.py', LF will be replaced by CRLF the next time Git touches it
warning: in the working copy of 'ag2_research/kbase/query_regression.yaml', LF will be replaced by CRLF the next time Git touches it
warning: in the working copy of 'ag2_research/kbase/query_shadow_20260723.yaml', LF will be replaced by CRLF the next time Git touches it
warning: in the working copy of 'ag2_research/kbase/ranking.py', LF will be replaced by CRLF the next time Git touches it
warning: in the working copy of 'ag2_research/kbase/reextraction_runner.py', LF will be replaced by CRLF the next time Git touches it
warning: in the working copy of 'ag2_research/kbase/release_bundle.py', LF will be replaced by CRLF the next time Git touches it
warning: in the working copy of 'ag2_research/kbase/repository.py', LF will be replaced by CRLF the next time Git touches it
warning: in the working copy of 'ag2_research/kbase/reviews/volcano_p0_review_20260704.yaml', LF will be replaced by CRLF the next time Git touches it
warning: in the working copy of 'ag2_research/kbase/schemas.py', LF will be replaced by CRLF the next time Git touches it
warning: in the working copy of 'ag2_research/kbase/semantic_client.py', LF will be replaced by CRLF the next time Git touches it
warning: in the working copy of 'ag2_research/kbase/semantic_index.py', LF will be replaced by CRLF the next time Git touches it
warning: in the working copy of 'ag2_research/kbase/semantic_worker.py', LF will be replaced by CRLF the next time Git touches it
warning: in the working copy of 'ag2_research/kbase/telemetry.py', LF will be replaced by CRLF the next time Git touches it
warning: in the working copy of 'ag2_research/kbase/tools.py', LF will be replaced by CRLF the next time Git touches it
warning: in the working copy of 'ag2_research/kbase/trace_repair.py', LF will be replaced by CRLF the next time Git touches it
warning: in the working copy of 'docs/superpowers/reviews/raw-evidence/cr010-final-closure/run003/focused/p8-focused.out', CRLF will be replaced by LF the next time Git touches it
warning: in the working copy of 'docs/superpowers/reviews/raw-evidence/cr010-final-closure/run003/p8/p8-acceptance.out', CRLF will be replaced by LF the next time Git touches it
warning: in the working copy of 'docs/superpowers/reviews/raw-evidence/cr010-final-closure/run003/review/review-b-probes.py', CRLF will be replaced by LF the next time Git touches it
warning: in the working copy of 'docs/superpowers/reviews/raw-evidence/cr010-final-closure/run003/review/review-b.out', CRLF will be replaced by LF the next time Git touches it
warning: in the working copy of 'research_state/control_plane/p0/attempts/p0-attempt-005/activation-envelopes/p0-source-bootstrap.json', CRLF will be replaced by LF the next time Git touches it
warning: in the working copy of 'research_state/control_plane/p0/attempts/p0-attempt-005/activation-envelopes/p0-store-migration.json', CRLF will be replaced by LF the next time Git touches it
warning: in the working copy of 'research_state/control_plane/p0/attempts/p0-attempt-005/code_freeze_git_v2.json', CRLF will be replaced by LF the next time Git touches it
warning: in the working copy of 'research_state/control_plane/p0/attempts/p0-attempt-005/code_freeze_manifest.json', CRLF will be replaced by LF the next time Git touches it
warning: in the working copy of 'research_state/control_plane/p0/attempts/p0-attempt-005/entry_policy_candidate.json', CRLF will be replaced by LF the next time Git touches it
warning: in the working copy of 'research_state/control_plane/p0/attempts/p0-attempt-005/evidence/entry_policy_independent_review_receipt.json', CRLF will be replaced by LF the next time Git touches it
warning: in the working copy of 'research_state/control_plane/p0/attempts/p0-attempt-005/evidence/entry_policy_independent_review_receipt_round2.json', CRLF will be replaced by LF the next time Git touches it
warning: in the working copy of 'research_state/control_plane/p0/attempts/p0-attempt-005/evidence/entry_policy_review_disposition.json', CRLF will be replaced by LF the next time Git touches it
warning: in the working copy of 'research_state/control_plane/p0/attempts/p0-attempt-005/evidence/entry_policy_review_raw.txt', CRLF will be replaced by LF the next time Git touches it
warning: in the working copy of 'research_state/control_plane/p0/attempts/p0-attempt-005/evidence/entry_policy_review_raw_round2.txt', CRLF will be replaced by LF the next time Git touches it
warning: in the working copy of 'research_state/control_plane/p0/attempts/p0-attempt-005/evidence/full_discovery_2026-08-12.log', CRLF will be replaced by LF the next time Git touches it
warning: in the working copy of 'research_state/control_plane/p0/attempts/p0-attempt-005/evidence/independent_review_disposition_round1.json', CRLF will be replaced by LF the next time Git touches it
warning: in the working copy of 'research_state/control_plane/p0/attempts/p0-attempt-005/evidence/p0_full_discovery_receipt.json', CRLF will be replaced by LF the next time Git touches it
warning: in the working copy of 'research_state/control_plane/p0/attempts/p0-attempt-005/evidence/p0_store_migration_backup_receipt.json', CRLF will be replaced by LF the next time Git touches it
warning: in the working copy of 'research_state/control_plane/p0/attempts/p0-attempt-005/evidence/p0_store_migration_verification_receipt.json', CRLF will be replaced by LF the next time Git touches it
warning: in the working copy of 'research_state/control_plane/p0/attempts/p0-attempt-005/external_scheduler_inventory.json', CRLF will be replaced by LF the next time Git touches it
warning: in the working copy of 'research_state/control_plane/p0/attempts/p0-attempt-005/external_scheduler_inventory_v12.json', CRLF will be replaced by LF the next time Git touches it
warning: in the working copy of 'research_state/control_plane/p0/attempts/p0-attempt-005/external_scheduler_inventory_v14.json', CRLF will be replaced by LF the next time Git touches it
warning: in the working copy of 'research_state/control_plane/p0/attempts/p0-attempt-005/final_inventory.json', CRLF will be replaced by LF the next time Git touches it
warning: in the working copy of 'research_state/control_plane/p0/attempts/p0-attempt-005/final_inventory_git_v3.json', CRLF will be replaced by LF the next time Git touches it
warning: in the working copy of 'research_state/control_plane/p0/attempts/p0-attempt-005/identity_bundle.json', CRLF will be replaced by LF the next time Git touches it
warning: in the working copy of 'research_state/control_plane/p0/attempts/p0-attempt-005/implementation_baseline.json', CRLF will be replaced by LF the next time Git touches it
warning: in the working copy of 'research_state/control_plane/p0/attempts/p0-attempt-005/scope_manifest.json', CRLF will be replaced by LF the next time Git touches it
warning: in the working copy of 'research_state/control_plane/p0/attempts/p0-attempt-005/task_report_source_bootstrap.json', CRLF will be replaced by LF the next time Git touches it
warning: in the working copy of 'research_state/control_plane/p0/attempts/p0-attempt-005/task_report_store_migration.json', CRLF will be replaced by LF the next time Git touches it
warning: in the working copy of 'research_state/control_plane/p0/attempts/p0-attempt-015/approval_record.json', CRLF will be replaced by LF the next time Git touches it
warning: in the working copy of 'research_state/control_plane/p0/attempts/p0-attempt-016/approval_record.json', CRLF will be replaced by LF the next time Git touches it
warning: in the working copy of 'research_state/control_plane/p0/attempts/p0-attempt-017/approval_record.json', CRLF will be replaced by LF the next time Git touches it
warning: in the working copy of 'research_state/control_plane/p0/attempts/p0-attempt-018/approval_record.json', CRLF will be replaced by LF the next time Git touches it
warning: in the working copy of 'research_state/control_plane/p0/attempts/p0-attempt-019/approval_record.json', CRLF will be replaced by LF the next time Git touches it
warning: in the working copy of 'research_state/control_plane/p0/attempts/p0-attempt-020/approval_record.json', CRLF will be replaced by LF the next time Git touches it
warning: in the working copy of 'research_state/control_plane/p0/attempts/p0-attempt-021/approval_record.json', CRLF will be replaced by LF the next time Git touches it
warning: in the working copy of 'research_state/control_plane/p0/attempts/p0-attempt-022/approval_record.json', CRLF will be replaced by LF the next time Git touches it
warning: in the working copy of 'research_state/control_plane/p0/attempts/p0-attempt-023/approval_record.json', CRLF will be replaced by LF the next time Git touches it
warning: in the working copy of 'research_state/control_plane/p0/attempts/p0-attempt-024/approval_record.json', CRLF will be replaced by LF the next time Git touches it
warning: in the working copy of 'research_state/control_plane/p0/attempts/p0-attempt-025/approval_record.json', CRLF will be replaced by LF the next time Git touches it
warning: in the working copy of 'research_state/control_plane/p0/attempts/p0-attempt-026/approval_record.json', CRLF will be replaced by LF the next time Git touches it
warning: in the working copy of 'research_state/control_plane/p0/attempts/p0-attempt-027/approval_record.json', CRLF will be replaced by LF the next time Git touches it
warning: in the working copy of 'research_state/control_plane/p0/attempts/p0-attempt-028/approval_record.json', CRLF will be replaced by LF the next time Git touches it
warning: in the working copy of 'research_state/control_plane/p0/attempts/p0-attempt-029/approval_record.json', CRLF will be replaced by LF the next time Git touches it
warning: in the working copy of 'research_state/control_plane/p0/attempts/p0-attempt-030/approval_record.json', CRLF will be replaced by LF the next time Git touches it
warning: in the working copy of 'research_state/control_plane/p0/attempts/p0-attempt-031/approval_record.json', CRLF will be replaced by LF the next time Git touches it
warning: in the working copy of 'research_state/control_plane/p0/attempts/p0-attempt-032/approval_record.json', CRLF will be replaced by LF the next time Git touches it
warning: in the working copy of 'research_state/control_plane/p0/attempts/p0-attempt-033/approval_record.json', CRLF will be replaced by LF the next time Git touches it
warning: in the working copy of 'research_state/control_plane/p0/attempts/p0-attempt-034/approval_record.json', CRLF will be replaced by LF the next time Git touches it
warning: in the working copy of 'research_state/control_plane/p0/attempts/p0-attempt-035/approval_record.json', CRLF will be replaced by LF the next time Git touches it
warning: in the working copy of 'research_state/control_plane/p0/attempts/p0-attempt-036/approval_record.json', CRLF will be replaced by LF the next time Git touches it
warning: in the working copy of 'research_state/control_plane/p0/attempts/p0-attempt-037/approval_record.json', CRLF will be replaced by LF the next time Git touches it
warning: in the working copy of 'research_state/control_plane/p0/attempts/p0-attempt-038/approval_record.json', CRLF will be replaced by LF the next time Git touches it
warning: in the working copy of 'research_state/control_plane/p0/attempts/p0-attempt-039/approval_record.json', CRLF will be replaced by LF the next time Git touches it
warning: in the working copy of 'research_state/control_plane/p0/attempts/p0-attempt-040/approval_record.json', CRLF will be replaced by LF the next time Git touches it
warning: in the working copy of 'research_state/control_plane/p0/attempts/p0-attempt-041/approval_record.json', CRLF will be replaced by LF the next time Git touches it
warning: in the working copy of 'research_state/control_plane/p0/attempts/p0-attempt-042/approval_record.json', CRLF will be replaced by LF the next time Git touches it
warning: in the working copy of 'research_state/control_plane/p1/attempts/p1-attempt-003/evidence/t4_ticket_receipt.json', CRLF will be replaced by LF the next time Git touches it
warning: in the working copy of 'research_state/control_plane/p2/attempts/p2-attempt-004/evidence/official_p2_closure_receipt_v342_p2r4.json', CRLF will be replaced by LF the next time Git touches it
warning: in the working copy of 'research_state/control_plane/p2/attempts/p2-attempt-004/evidence/t8_codex_sandbox_repair_receipt.json', CRLF will be replaced by LF the next time Git touches it
warning: in the working copy of 'research_state/control_plane/p2/attempts/p2-attempt-004/evidence/t8_completion_receipt.json', CRLF will be replaced by LF the next time Git touches it
warning: in the working copy of 'research_state/control_plane/p2/attempts/p2-attempt-004/evidence/t8_entry_policy_activation_receipt.json', CRLF will be replaced by LF the next time Git touches it
warning: in the working copy of 'research_state/control_plane/p2/attempts/p2-attempt-004/evidence/t8_entry_policy_independent_review.json', CRLF will be replaced by LF the next time Git touches it
warning: in the working copy of 'research_state/control_plane/p2/attempts/p2-attempt-004/evidence/t8_entry_policy_publication_receipt.json', CRLF will be replaced by LF the next time Git touches it
warning: in the working copy of 'research_state/control_plane/p2/attempts/p2-attempt-004/evidence/t8_official_gate_readiness_candidate.json', CRLF will be replaced by LF the next time Git touches it
warning: in the working copy of 'research_state/control_plane/p2/attempts/p2-attempt-004/evidence/t8_official_gate_readiness_review.json', CRLF will be replaced by LF the next time Git touches it
warning: in the working copy of 'research_state/control_plane/p2/attempts/p2-attempt-004/evidence/t8_p2_cr_004_approval_receipt.json', CRLF will be replaced by LF the next time Git touches it
warning: in the working copy of 'research_state/control_plane/p2/attempts/p2-attempt-004/evidence/t8_ticket_receipt.json', CRLF will be replaced by LF the next time Git touches it
warning: in the working copy of 'research_state/control_plane/p2/attempts/p2-attempt-004/evidence/t8_validation_receipt.json', CRLF will be replaced by LF the next time Git touches it
warning: in the working copy of 'research_state/control_plane/p2/attempts/p2-attempt-004/task_specs/t8_official_gate.json', CRLF will be replaced by LF the next time Git touches it
warning: in the working copy of 'research_state/control_plane/p6/attempts/p6-attempt-002/evidence/t10_completion_receipt.json', CRLF will be replaced by LF the next time Git touches it
warning: in the working copy of 'research_state/control_plane/p6/attempts/p6-attempt-002/evidence/t10_independent_quality_review.json', CRLF will be replaced by LF the next time Git touches it
warning: in the working copy of 'research_state/control_plane/p6/attempts/p6-attempt-002/evidence/t10_independent_spec_review.json', CRLF will be replaced by LF the next time Git touches it
warning: in the working copy of 'research_state/control_plane/p6/attempts/p6-attempt-002/evidence/t10_validation_receipt.json', CRLF will be replaced by LF the next time Git touches it
warning: in the working copy of 'research_state/control_plane/p6/attempts/p6-attempt-002/evidence/t11_completion_receipt.json', CRLF will be replaced by LF the next time Git touches it
warning: in the working copy of 'research_state/control_plane/p6/attempts/p6-attempt-002/evidence/t11_validation_receipt.json', CRLF will be replaced by LF the next time Git touches it
warning: in the working copy of 'research_state/control_plane/p6/attempts/p6-attempt-002/evidence/t12_completion_receipt.json', CRLF will be replaced by LF the next time Git touches it
warning: in the working copy of 'research_state/control_plane/p6/attempts/p6-attempt-002/evidence/t12_validation_receipt.json', CRLF will be replaced by LF the next time Git touches it
warning: in the working copy of 'research_state/control_plane/p6/attempts/p6-attempt-002/evidence/t13_completion_receipt.json', CRLF will be replaced by LF the next time Git touches it
warning: in the working copy of 'research_state/control_plane/p6/attempts/p6-attempt-002/evidence/t13_validation_receipt.json', CRLF will be replaced by LF the next time Git touches it
warning: in the working copy of 'research_state/control_plane/p6/attempts/p6-attempt-002/evidence/t1_completion_receipt.json', CRLF will be replaced by LF the next time Git touches it
warning: in the working copy of 'research_state/control_plane/p6/attempts/p6-attempt-002/evidence/t1_current_source_manifest.json', CRLF will be replaced by LF the next time Git touches it
warning: in the working copy of 'research_state/control_plane/p6/attempts/p6-attempt-002/evidence/t1_validation_receipt.json', CRLF will be replaced by LF the next time Git touches it
warning: in the working copy of 'research_state/control_plane/p6/attempts/p6-attempt-002/evidence/t2_completion_receipt.json', CRLF will be replaced by LF the next time Git touches it
warning: in the working copy of 'research_state/control_plane/p6/attempts/p6-attempt-002/evidence/t2_validation_receipt.json', CRLF will be replaced by LF the next time Git touches it
warning: in the working copy of 'research_state/control_plane/p6/attempts/p6-attempt-002/evidence/t3_completion_receipt.json', CRLF will be replaced by LF the next time Git touches it
warning: in the working copy of 'research_state/control_plane/p6/attempts/p6-attempt-002/evidence/t3_independent_quality_review.json', CRLF will be replaced by LF the next time Git touches it
warning: in the working copy of 'research_state/control_plane/p6/attempts/p6-attempt-002/evidence/t3_independent_spec_review.json', CRLF will be replaced by LF the next time Git touches it
warning: in the working copy of 'research_state/control_plane/p6/attempts/p6-attempt-002/evidence/t3_validation_receipt.json', CRLF will be replaced by LF the next time Git touches it
warning: in the working copy of 'research_state/control_plane/p6/attempts/p6-attempt-002/evidence/t4_completion_receipt.json', CRLF will be replaced by LF the next time Git touches it
warning: in the working copy of 'research_state/control_plane/p6/attempts/p6-attempt-002/evidence/t4_independent_quality_review.json', CRLF will be replaced by LF the next time Git touches it
warning: in the working copy of 'research_state/control_plane/p6/attempts/p6-attempt-002/evidence/t4_independent_spec_review.json', CRLF will be replaced by LF the next time Git touches it
warning: in the working copy of 'research_state/control_plane/p6/attempts/p6-attempt-002/evidence/t4_validation_receipt.json', CRLF will be replaced by LF the next time Git touches it
warning: in the working copy of 'research_state/control_plane/p6/attempts/p6-attempt-002/evidence/t5_completion_receipt.json', CRLF will be replaced by LF the next time Git touches it
warning: in the working copy of 'research_state/control_plane/p6/attempts/p6-attempt-002/evidence/t5_independent_quality_review.json', CRLF will be replaced by LF the next time Git touches it
warning: in the working copy of 'research_state/control_plane/p6/attempts/p6-attempt-002/evidence/t5_independent_spec_review.json', CRLF will be replaced by LF the next time Git touches it
warning: in the working copy of 'research_state/control_plane/p6/attempts/p6-attempt-002/evidence/t5_validation_receipt.json', CRLF will be replaced by LF the next time Git touches it
warning: in the working copy of 'research_state/control_plane/p6/attempts/p6-attempt-002/evidence/t6_completion_receipt.json', CRLF will be replaced by LF the next time Git touches it
warning: in the working copy of 'research_state/control_plane/p6/attempts/p6-attempt-002/evidence/t6_independent_quality_review.json', CRLF will be replaced by LF the next time Git touches it
warning: in the working copy of 'research_state/control_plane/p6/attempts/p6-attempt-002/evidence/t6_independent_spec_review.json', CRLF will be replaced by LF the next time Git touches it
warning: in the working copy of 'research_state/control_plane/p6/attempts/p6-attempt-002/evidence/t6_validation_receipt.json', CRLF will be replaced by LF the next time Git touches it
warning: in the working copy of 'research_state/control_plane/p6/attempts/p6-attempt-002/evidence/t7_completion_receipt.json', CRLF will be replaced by LF the next time Git touches it
warning: in the working copy of 'research_state/control_plane/p6/attempts/p6-attempt-002/evidence/t7_independent_quality_review.json', CRLF will be replaced by LF the next time Git touches it
warning: in the working copy of 'research_state/control_plane/p6/attempts/p6-attempt-002/evidence/t7_independent_spec_review.json', CRLF will be replaced by LF the next time Git touches it
warning: in the working copy of 'research_state/control_plane/p6/attempts/p6-attempt-002/evidence/t7_validation_receipt.json', CRLF will be replaced by LF the next time Git touches it
warning: in the working copy of 'research_state/control_plane/p6/attempts/p6-attempt-002/evidence/t8_completion_receipt.json', CRLF will be replaced by LF the next time Git touches it
warning: in the working copy of 'research_state/control_plane/p6/attempts/p6-attempt-002/evidence/t8_independent_quality_review.json', CRLF will be replaced by LF the next time Git touches it
warning: in the working copy of 'research_state/control_plane/p6/attempts/p6-attempt-002/evidence/t8_independent_spec_review.json', CRLF will be replaced by LF the next time Git touches it
warning: in the working copy of 'research_state/control_plane/p6/attempts/p6-attempt-002/evidence/t8_validation_receipt.json', CRLF will be replaced by LF the next time Git touches it
warning: in the working copy of 'research_state/control_plane/p6/attempts/p6-attempt-002/evidence/t9_completion_receipt.json', CRLF will be replaced by LF the next time Git touches it
warning: in the working copy of 'research_state/control_plane/p6/attempts/p6-attempt-002/evidence/t9_independent_quality_review.json', CRLF will be replaced by LF the next time Git touches it
warning: in the working copy of 'research_state/control_plane/p6/attempts/p6-attempt-002/evidence/t9_independent_spec_review.json', CRLF will be replaced by LF the next time Git touches it
warning: in the working copy of 'research_state/control_plane/p6/attempts/p6-attempt-002/evidence/t9_validation_receipt.json', CRLF will be replaced by LF the next time Git touches it
warning: in the working copy of 'research_state/control_plane/p6/attempts/p6-attempt-002/task_specs/p6-attempt-002-t10-trusted-invocation-binding.json', CRLF will be replaced by LF the next time Git touches it
warning: in the working copy of 'research_state/control_plane/p6/attempts/p6-attempt-002/task_specs/p6-attempt-002-t11-final-holdout-exclusion-proof.json', CRLF will be replaced by LF the next time Git touches it
warning: in the working copy of 'research_state/control_plane/p6/attempts/p6-attempt-002/task_specs/p6-attempt-002-t12-full-dry-run-boundary.json', CRLF will be replaced by LF the next time Git touches it
warning: in the working copy of 'research_state/control_plane/p6/attempts/p6-attempt-002/task_specs/p6-attempt-002-t13-integration-verification.json', CRLF will be replaced by LF the next time Git touches it
warning: in the working copy of 'research_state/control_plane/p6/attempts/p6-attempt-002/task_specs/p6-attempt-002-t14-final-inventory-policy-gate.json', CRLF will be replaced by LF the next time Git touches it
warning: in the working copy of 'research_state/control_plane/p6/attempts/p6-attempt-002/task_specs/p6-attempt-002-t2-worktree-entry-inventory-contract.json', CRLF will be replaced by LF the next time Git touches it
warning: in the working copy of 'research_state/control_plane/p6/attempts/p6-attempt-002/task_specs/p6-attempt-002-t3-provider-adapters.json', CRLF will be replaced by LF the next time Git touches it
warning: in the working copy of 'research_state/control_plane/p6/attempts/p6-attempt-002/task_specs/p6-attempt-002-t4-legacy-harness-quarantine.json', CRLF will be replaced by LF the next time Git touches it
warning: in the working copy of 'research_state/control_plane/p6/attempts/p6-attempt-002/task_specs/p6-attempt-002-t5-capital-projection.json', CRLF will be replaced by LF the next time Git touches it
warning: in the working copy of 'research_state/control_plane/p6/attempts/p6-attempt-002/task_specs/p6-attempt-002-t6-resource-metering.json', CRLF will be replaced by LF the next time Git touches it
warning: in the working copy of 'research_state/control_plane/p6/attempts/p6-attempt-002/task_specs/p6-attempt-002-t7-legacy-cli-preflight.json', CRLF will be replaced by LF the next time Git touches it
warning: in the working copy of 'research_state/control_plane/p6/attempts/p6-attempt-002/task_specs/p6-attempt-002-t8-legacy-candidate-concentration.json', CRLF will be replaced by LF the next time Git touches it
warning: in the working copy of 'research_state/control_plane/p6/attempts/p6-attempt-002/task_specs/p6-attempt-002-t9-director-contract.json', CRLF will be replaced by LF the next time Git touches it
warning: in the working copy of 'research_state/control_plane/p6/attempts/p6-attempt-003/evidence/step56_regression_log.txt', CRLF will be replaced by LF the next time Git touches it
warning: in the working copy of 'research_state/control_plane/p6/attempts/p6-attempt-003/evidence/step92_p6_cumulative_focused.log', CRLF will be replaced by LF the next time Git touches it
warning: in the working copy of 'research_state/control_plane/p6/attempts/p6-attempt-003/evidence/step93a_control_plane_discovery.log', CRLF will be replaced by LF the next time Git touches it
warning: in the working copy of 'research_state/control_plane/p6/attempts/p6-attempt-003/evidence/step93b_full_discovery.log', CRLF will be replaced by LF the next time Git touches it
warning: in the working copy of 'research_state/control_plane/p6/attempts/p6-attempt-005/approval_record.json', CRLF will be replaced by LF the next time Git touches it
warning: in the working copy of 'research_state/control_plane/p6/attempts/p6-attempt-006/approval_record.json', CRLF will be replaced by LF the next time Git touches it
warning: in the working copy of 'research_state/control_plane/p6/attempts/p6-attempt-007/approval_record.json', CRLF will be replaced by LF the next time Git touches it
warning: in the working copy of 'research_state/control_plane/p6/attempts/p6-attempt-008/approval_record.json', CRLF will be replaced by LF the next time Git touches it
warning: in the working copy of 'research_state/control_plane/p6/attempts/p6-attempt-009/approval_record.json', CRLF will be replaced by LF the next time Git touches it
warning: in the working copy of 'research_state/control_plane/p6/attempts/p6-attempt-010/approval_record.json', CRLF will be replaced by LF the next time Git touches it
warning: in the working copy of 'research_state/control_plane/p6/attempts/p6-attempt-011/approval_record.json', CRLF will be replaced by LF the next time Git touches it
warning: in the working copy of 'research_state/control_plane/p6/attempts/p6-attempt-012/approval_record.json', CRLF will be replaced by LF the next time Git touches it
warning: in the working copy of 'research_state/control_plane/p6/attempts/p6-attempt-013/approval_record.json', CRLF will be replaced by LF the next time Git touches it
warning: in the working copy of 'research_state/control_plane/p7/attempts/p7-attempt-001/evidence/t10_completion_receipt.json', CRLF will be replaced by LF the next time Git touches it
warning: in the working copy of 'research_state/control_plane/p7/attempts/p7-attempt-001/evidence/t10_independent_quality_review.json', CRLF will be replaced by LF the next time Git touches it
warning: in the working copy of 'research_state/control_plane/p7/attempts/p7-attempt-001/evidence/t10_independent_spec_review.json', CRLF will be replaced by LF the next time Git touches it
warning: in the working copy of 'research_state/control_plane/p7/attempts/p7-attempt-001/evidence/t10_validation_receipt.json', CRLF will be replaced by LF the next time Git touches it
warning: in the working copy of 'research_state/control_plane/p7/attempts/p7-attempt-001/evidence/t1_completion_receipt.json', CRLF will be replaced by LF the next time Git touches it
warning: in the working copy of 'research_state/control_plane/p7/attempts/p7-attempt-001/evidence/t1_current_source_manifest.json', CRLF will be replaced by LF the next time Git touches it
warning: in the working copy of 'research_state/control_plane/p7/attempts/p7-attempt-001/evidence/t1_independent_quality_review.json', CRLF will be replaced by LF the next time Git touches it
warning: in the working copy of 'research_state/control_plane/p7/attempts/p7-attempt-001/evidence/t1_independent_spec_review.json', CRLF will be replaced by LF the next time Git touches it
warning: in the working copy of 'research_state/control_plane/p7/attempts/p7-attempt-001/evidence/t1_validation_receipt.json', CRLF will be replaced by LF the next time Git touches it
warning: in the working copy of 'research_state/control_plane/p7/attempts/p7-attempt-001/evidence/t2_completion_receipt.json', CRLF will be replaced by LF the next time Git touches it
warning: in the working copy of 'research_state/control_plane/p7/attempts/p7-attempt-001/evidence/t2_independent_quality_review.json', CRLF will be replaced by LF the next time Git touches it
warning: in the working copy of 'research_state/control_plane/p7/attempts/p7-attempt-001/evidence/t2_independent_spec_review.json', CRLF will be replaced by LF the next time Git touches it
warning: in the working copy of 'research_state/control_plane/p7/attempts/p7-attempt-001/evidence/t2_validation_receipt.json', CRLF will be replaced by LF the next time Git touches it
warning: in the working copy of 'research_state/control_plane/p7/attempts/p7-attempt-001/evidence/t3_completion_receipt.json', CRLF will be replaced by LF the next time Git touches it
warning: in the working copy of 'research_state/control_plane/p7/attempts/p7-attempt-001/evidence/t3_independent_quality_review.json', CRLF will be replaced by LF the next time Git touches it
warning: in the working copy of 'research_state/control_plane/p7/attempts/p7-attempt-001/evidence/t3_independent_spec_review.json', CRLF will be replaced by LF the next time Git touches it
warning: in the working copy of 'research_state/control_plane/p7/attempts/p7-attempt-001/evidence/t3_validation_receipt.json', CRLF will be replaced by LF the next time Git touches it
warning: in the working copy of 'research_state/control_plane/p7/attempts/p7-attempt-001/evidence/t4_completion_receipt.json', CRLF will be replaced by LF the next time Git touches it
warning: in the working copy of 'research_state/control_plane/p7/attempts/p7-attempt-001/evidence/t4_independent_quality_review.json', CRLF will be replaced by LF the next time Git touches it
warning: in the working copy of 'research_state/control_plane/p7/attempts/p7-attempt-001/evidence/t4_independent_spec_review.json', CRLF will be replaced by LF the next time Git touches it
warning: in the working copy of 'research_state/control_plane/p7/attempts/p7-attempt-001/evidence/t4_validation_receipt.json', CRLF will be replaced by LF the next time Git touches it
warning: in the working copy of 'research_state/control_plane/p7/attempts/p7-attempt-001/evidence/t5_completion_receipt.json', CRLF will be replaced by LF the next time Git touches it
warning: in the working copy of 'research_state/control_plane/p7/attempts/p7-attempt-001/evidence/t5_independent_quality_review.json', CRLF will be replaced by LF the next time Git touches it
warning: in the working copy of 'research_state/control_plane/p7/attempts/p7-attempt-001/evidence/t5_independent_spec_review.json', CRLF will be replaced by LF the next time Git touches it
warning: in the working copy of 'research_state/control_plane/p7/attempts/p7-attempt-001/evidence/t5_validation_receipt.json', CRLF will be replaced by LF the next time Git touches it
warning: in the working copy of 'research_state/control_plane/p7/attempts/p7-attempt-001/evidence/t6_completion_receipt.json', CRLF will be replaced by LF the next time Git touches it
warning: in the working copy of 'research_state/control_plane/p7/attempts/p7-attempt-001/evidence/t6_independent_quality_review.json', CRLF will be replaced by LF the next time Git touches it
warning: in the working copy of 'research_state/control_plane/p7/attempts/p7-attempt-001/evidence/t6_independent_spec_review.json', CRLF will be replaced by LF the next time Git touches it
warning: in the working copy of 'research_state/control_plane/p7/attempts/p7-attempt-001/evidence/t6_validation_receipt.json', CRLF will be replaced by LF the next time Git touches it
warning: in the working copy of 'research_state/control_plane/p7/attempts/p7-attempt-001/evidence/t7_completion_receipt.json', CRLF will be replaced by LF the next time Git touches it
warning: in the working copy of 'research_state/control_plane/p7/attempts/p7-attempt-001/evidence/t7_independent_quality_review.json', CRLF will be replaced by LF the next time Git touches it
warning: in the working copy of 'research_state/control_plane/p7/attempts/p7-attempt-001/evidence/t7_independent_spec_review.json', CRLF will be replaced by LF the next time Git touches it
warning: in the working copy of 'research_state/control_plane/p7/attempts/p7-attempt-001/evidence/t7_validation_receipt.json', CRLF will be replaced by LF the next time Git touches it
warning: in the working copy of 'research_state/control_plane/p7/attempts/p7-attempt-001/evidence/t8_completion_receipt.json', CRLF will be replaced by LF the next time Git touches it
warning: in the working copy of 'research_state/control_plane/p7/attempts/p7-attempt-001/evidence/t8_independent_quality_review.json', CRLF will be replaced by LF the next time Git touches it
warning: in the working copy of 'research_state/control_plane/p7/attempts/p7-attempt-001/evidence/t8_independent_spec_review.json', CRLF will be replaced by LF the next time Git touches it
warning: in the working copy of 'research_state/control_plane/p7/attempts/p7-attempt-001/evidence/t8_validation_receipt.json', CRLF will be replaced by LF the next time Git touches it
warning: in the working copy of 'research_state/control_plane/p7/attempts/p7-attempt-001/evidence/t9_completion_receipt.json', CRLF will be replaced by LF the next time Git touches it
warning: in the working copy of 'research_state/control_plane/p7/attempts/p7-attempt-001/evidence/t9_independent_quality_review.json', CRLF will be replaced by LF the next time Git touches it
warning: in the working copy of 'research_state/control_plane/p7/attempts/p7-attempt-001/evidence/t9_independent_spec_review.json', CRLF will be replaced by LF the next time Git touches it
warning: in the working copy of 'research_state/control_plane/p7/attempts/p7-attempt-001/evidence/t9_validation_receipt.json', CRLF will be replaced by LF the next time Git touches it
warning: in the working copy of 'research_state/control_plane/p7/attempts/p7-attempt-001/task_specs/p7-attempt-001-t10-integration-verification.json', CRLF will be replaced by LF the next time Git touches it
warning: in the working copy of 'research_state/control_plane/p7/attempts/p7-attempt-001/task_specs/p7-attempt-001-t11-final-inventory-policy-gate.json', CRLF will be replaced by LF the next time Git touches it
warning: in the working copy of 'research_state/control_plane/p7/attempts/p7-attempt-001/task_specs/p7-attempt-001-t2-ops-journal-durability-contract.json', CRLF will be replaced by LF the next time Git touches it
warning: in the working copy of 'research_state/control_plane/p7/attempts/p7-attempt-001/task_specs/p7-attempt-001-t3-ops-projection-recovery.json', CRLF will be replaced by LF the next time Git touches it
warning: in the working copy of 'research_state/control_plane/p7/attempts/p7-attempt-001/task_specs/p7-attempt-001-t4-ops-cli-readonly.json', CRLF will be replaced by LF the next time Git touches it
warning: in the working copy of 'research_state/control_plane/p7/attempts/p7-attempt-001/task_specs/p7-attempt-001-t5-ops-audit-bundle.json', CRLF will be replaced by LF the next time Git touches it
warning: in the working copy of 'research_state/control_plane/p7/attempts/p7-attempt-001/task_specs/p7-attempt-001-t6-ops-backfill-adapter.json', CRLF will be replaced by LF the next time Git touches it
warning: in the working copy of 'research_state/control_plane/p7/attempts/p7-attempt-001/task_specs/p7-attempt-001-t7-ops-retention-metadata.json', CRLF will be replaced by LF the next time Git touches it
warning: in the working copy of 'research_state/control_plane/p7/attempts/p7-attempt-001/task_specs/p7-attempt-001-t8-ops-conflict-explanation.json', CRLF will be replaced by LF the next time Git touches it
warning: in the working copy of 'research_state/control_plane/p7/attempts/p7-attempt-001/task_specs/p7-attempt-001-t9-ops-performance-gate.json', CRLF will be replaced by LF the next time Git touches it
warning: in the working copy of 'research_state/control_plane/p7/attempts/p7-attempt-004/approval_record.json', CRLF will be replaced by LF the next time Git touches it
warning: in the working copy of 'research_state/control_plane/p7/attempts/p7-attempt-006/approval_record.json', CRLF will be replaced by LF the next time Git touches it
warning: in the working copy of 'research_state/control_plane/p7/attempts/p7-attempt-007/approval_record.json', CRLF will be replaced by LF the next time Git touches it
warning: in the working copy of 'research_state/control_plane/p8/attempts/p8-attempt-001/evidence/t3_completion_receipt.json', CRLF will be replaced by LF the next time Git touches it
warning: in the working copy of 'research_state/control_plane/p8/attempts/p8-attempt-001/evidence/t3_independent_quality_review.json', CRLF will be replaced by LF the next time Git touches it
warning: in the working copy of 'research_state/control_plane/p8/attempts/p8-attempt-001/evidence/t3_independent_spec_review.json', CRLF will be replaced by LF the next time Git touches it
warning: in the working copy of 'research_state/control_plane/p8/attempts/p8-attempt-001/evidence/t3_validation_receipt.json', CRLF will be replaced by LF the next time Git touches it
warning: in the working copy of 'research_state/control_plane/p8/attempts/p8-attempt-001/evidence/t4_completion_receipt.json', CRLF will be replaced by LF the next time Git touches it
warning: in the working copy of 'research_state/control_plane/p8/attempts/p8-attempt-001/evidence/t4_validation_receipt.json', CRLF will be replaced by LF the next time Git touches it
warning: in the working copy of 'research_state/control_plane/p8/attempts/p8-attempt-001/evidence/t5_completion_receipt.json', CRLF will be replaced by LF the next time Git touches it
warning: in the working copy of 'research_state/control_plane/p8/attempts/p8-attempt-001/evidence/t5_validation_receipt.json', CRLF will be replaced by LF the next time Git touches it
warning: in the working copy of 'research_state/control_plane/p8/attempts/p8-attempt-001/evidence/t6_completion_receipt.json', CRLF will be replaced by LF the next time Git touches it
warning: in the working copy of 'research_state/control_plane/p8/attempts/p8-attempt-001/evidence/t6_validation_receipt.json', CRLF will be replaced by LF the next time Git touches it
warning: in the working copy of 'research_state/control_plane/p8/attempts/p8-attempt-001/evidence/t7_completion_receipt.json', CRLF will be replaced by LF the next time Git touches it
warning: in the working copy of 'research_state/control_plane/p8/attempts/p8-attempt-001/evidence/t7_entry_policy_activation_receipt.json', CRLF will be replaced by LF the next time Git touches it
warning: in the working copy of 'research_state/control_plane/p8/attempts/p8-attempt-001/evidence/t7_independent_quality_review.json', CRLF will be replaced by LF the next time Git touches it
warning: in the working copy of 'research_state/control_plane/p8/attempts/p8-attempt-001/evidence/t7_independent_spec_review.json', CRLF will be replaced by LF the next time Git touches it
warning: in the working copy of 'research_state/control_plane/p8/attempts/p8-attempt-001/evidence/t7_validation_receipt.json', CRLF will be replaced by LF the next time Git touches it
warning: in the working copy of 'research_state/control_plane/p8/attempts/p8-attempt-001/task_specs/p8-attempt-001-t2-final-eval-request-contract.json', CRLF will be replaced by LF the next time Git touches it
warning: in the working copy of 'research_state/control_plane/p8/attempts/p8-attempt-001/task_specs/p8-attempt-001-t3-authority-broker-consume-once.json', CRLF will be replaced by LF the next time Git touches it
warning: in the working copy of 'research_state/control_plane/p8/attempts/p8-attempt-001/task_specs/p8-attempt-001-t4-trusted-evaluator-adapter.json', CRLF will be replaced by LF the next time Git touches it
warning: in the working copy of 'research_state/control_plane/p8/attempts/p8-attempt-001/task_specs/p8-attempt-001-t5-terminal-audit-closure.json', CRLF will be replaced by LF the next time Git touches it
warning: in the working copy of 'research_state/control_plane/p8/attempts/p8-attempt-001/task_specs/p8-attempt-001-t6-integration-verification.json', CRLF will be replaced by LF the next time Git touches it
warning: in the working copy of 'research_state/control_plane/p8/attempts/p8-attempt-001/task_specs/p8-attempt-001-t7-final-inventory-policy-gate.json', CRLF will be replaced by LF the next time Git touches it
warning: in the working copy of 'research_state/control_plane/p8/attempts/p8-attempt-005/approval_record.json', CRLF will be replaced by LF the next time Git touches it
warning: in the working copy of 'research_state/control_plane/p8/attempts/p8-attempt-006/approval_record.json', CRLF will be replaced by LF the next time Git touches it
warning: in the working copy of 'research_state/control_plane/policies/a763bb385b21f15d11324adc20b18d4242abc4c6d0db51a39465aee9a2e3d92f.json', CRLF will be replaced by LF the next time Git touches it
warning: in the working copy of 'research_state/control_plane/policies/c5c8449abbd61439f602d6adc921574e46ed4e46b5ab4c712902a4b34893ae61.json', CRLF will be replaced by LF the next time Git touches it
warning: in the working copy of 'research_state/control_plane/rollout/c0/attempts/c0-attempt-001/evidence/c0_chaos_simulation_report.json', CRLF will be replaced by LF the next time Git touches it
warning: in the working copy of 'research_state/control_plane/rollout/c0/attempts/c0-attempt-005/approval_record.json', CRLF will be replaced by LF the next time Git touches it
warning: in the working copy of 'research_state/control_plane/rollout/c0/attempts/c0-attempt-006/approval_record.json', CRLF will be replaced by LF the next time Git touches it
